#
# There is insufficient memory for the Java Runtime Environment to continue.
# Native memory allocation (mmap) failed to map 536870912 bytes. Error detail: G1 virtual space
# Possible reasons:
#   The system is out of physical RAM or swap space
#   This process is running with CompressedOops enabled, and the Java Heap may be blocking the growth of the native heap
# Possible solutions:
#   Reduce memory load on the system
#   Increase physical memory or swap space
#   Check if swap backing store is full
#   Decrease Java heap size (-Xmx/-Xms)
#   Decrease number of Java threads
#   Decrease Java thread stack sizes (-Xss)
#   Set larger code cache with -XX:ReservedCodeCacheSize=
#   JVM is running with Zero Based Compressed Oops mode in which the Java heap is
#     placed in the first 32GB address space. The Java Heap base address is the
#     maximum limit for the native heap growth. Please use -XX:HeapBaseMinAddress
#     to set the Java Heap base and to place the Java Heap above 32GB virtual address.
# This output file may be truncated or incomplete.
#
#  Out of Memory Error (os_windows.cpp:3703), pid=35652, tid=23396
#
# JRE version: Java(TM) SE Runtime Environment (23.0.1+11) (build 23.0.1+11-39)
# Java VM: Java HotSpot(TM) 64-Bit Server VM (23.0.1+11-39, mixed mode, sharing, tiered, compressed oops, compressed class ptrs, g1 gc, windows-amd64)
# No core dump will be written. Minidumps are not enabled by default on client versions of Windows
#

---------------  S U M M A R Y ------------

Command Line: -Dfile.encoding=UTF-8 --module-path=C:\Users\SR Laptop\Documents\NetBeansProjects\Pharmacy Management System\build\classes Login

Host: Intel(R) Core(TM) i5-7300U CPU @ 2.60GHz, 4 cores, 15G,  Windows 10 , 64 bit Build 19041 (10.0.19041.5915)
Time: Wed Mar 25 23:27:02 2026 China Standard Time elapsed time: 110.409056 seconds (0d 0h 1m 50s)

---------------  T H R E A D  ---------------

Current thread (0x000002359f017540):  VMThread "VM Thread"          [id=23396, stack(0x00000062e7000000,0x00000062e7100000) (1024K)]

Stack: [0x00000062e7000000,0x00000062e7100000]
Native frames: (J=compiled Java code, j=interpreted, Vv=VM code, C=native code)
V  [jvm.dll+0x6e08b9]  (no source info available)
V  [jvm.dll+0x87dc83]  (no source info available)
V  [jvm.dll+0x88010e]  (no source info available)
V  [jvm.dll+0x8807e3]  (no source info available)
V  [jvm.dll+0x27aee6]  (no source info available)
V  [jvm.dll+0x6dd1c5]  (no source info available)
V  [jvm.dll+0x6d104a]  (no source info available)
V  [jvm.dll+0x35b3ea]  (no source info available)
V  [jvm.dll+0x3637f6]  (no source info available)
V  [jvm.dll+0x34fd5e]  (no source info available)
V  [jvm.dll+0x34fff8]  (no source info available)
V  [jvm.dll+0x3289cc]  (no source info available)
V  [jvm.dll+0x328a5a]  (no source info available)
V  [jvm.dll+0x374c92]  (no source info available)
V  [jvm.dll+0x373392]  (no source info available)
V  [jvm.dll+0x3281a7]  (no source info available)
V  [jvm.dll+0x372e58]  (no source info available)
V  [jvm.dll+0x886720]  (no source info available)
V  [jvm.dll+0x887a47]  (no source info available)
V  [jvm.dll+0x887f78]  (no source info available)
V  [jvm.dll+0x888213]  (no source info available)
V  [jvm.dll+0x824f8b]  (no source info available)
V  [jvm.dll+0x6df065]  (no source info available)
C  [ucrtbase.dll+0x21bb2]  (no source info available)
C  [KERNEL32.DLL+0x17374]  (no source info available)
C  [ntdll.dll+0x4cc91]  (no source info available)

VM_Operation (0x00000062e7efc918): G1TryInitiateConcMark, mode: safepoint, requested by thread 0x000002359f03ad30


---------------  P R O C E S S  ---------------

Threads class SMR info:
_java_thread_list=0x00000235e64e33d0, length=17, elements={
0x000002359f02f1f0, 0x000002359f032fe0, 0x000002359f037b60, 0x000002359f038840,
0x000002359f0392f0, 0x000002359f03ba50, 0x000002359f0412c0, 0x000002359f04e1a0,
0x000002359f03c770, 0x000002359f039980, 0x000002359f03a010, 0x000002359f03c0e0,
0x000002359f03a6a0, 0x000002359f03ad30, 0x000002359f03b3c0, 0x00000235e5e11130,
0x00000235e5e0fd80
}

Java Threads: ( => current thread )
  0x000002359f02f1f0 JavaThread "Reference Handler"          daemon [_thread_blocked, id=37612, stack(0x00000062e7100000,0x00000062e7200000) (1024K)]
  0x000002359f032fe0 JavaThread "Finalizer"                  daemon [_thread_blocked, id=10444, stack(0x00000062e7200000,0x00000062e7300000) (1024K)]
  0x000002359f037b60 JavaThread "Signal Dispatcher"          daemon [_thread_blocked, id=35576, stack(0x00000062e7300000,0x00000062e7400000) (1024K)]
  0x000002359f038840 JavaThread "Attach Listener"            daemon [_thread_blocked, id=33292, stack(0x00000062e7400000,0x00000062e7500000) (1024K)]
  0x000002359f0392f0 JavaThread "Service Thread"             daemon [_thread_blocked, id=32972, stack(0x00000062e7500000,0x00000062e7600000) (1024K)]
  0x000002359f03ba50 JavaThread "Monitor Deflation Thread"   daemon [_thread_blocked, id=9448, stack(0x00000062e7600000,0x00000062e7700000) (1024K)]
  0x000002359f0412c0 JavaThread "C2 CompilerThread0"         daemon [_thread_blocked, id=38232, stack(0x00000062e7700000,0x00000062e7800000) (1024K)]
  0x000002359f04e1a0 JavaThread "C1 CompilerThread0"         daemon [_thread_blocked, id=27132, stack(0x00000062e7800000,0x00000062e7900000) (1024K)]
  0x000002359f03c770 JavaThread "Common-Cleaner"             daemon [_thread_blocked, id=37128, stack(0x00000062e7900000,0x00000062e7a00000) (1024K)]
  0x000002359f039980 JavaThread "Notification Thread"        daemon [_thread_blocked, id=35332, stack(0x00000062e7a00000,0x00000062e7b00000) (1024K)]
  0x000002359f03a010 JavaThread "Java2D Disposer"            daemon [_thread_blocked, id=38868, stack(0x00000062e7b00000,0x00000062e7c00000) (1024K)]
  0x000002359f03c0e0 JavaThread "AWT-Shutdown"                      [_thread_blocked, id=38268, stack(0x00000062e7c00000,0x00000062e7d00000) (1024K)]
  0x000002359f03a6a0 JavaThread "AWT-Windows"                daemon [_thread_blocked, id=15132, stack(0x00000062e7d00000,0x00000062e7e00000) (1024K)]
  0x000002359f03ad30 JavaThread "AWT-EventQueue-0"                  [_thread_blocked, id=19832, stack(0x00000062e7e00000,0x00000062e7f00000) (1024K)]
  0x000002359f03b3c0 JavaThread "DestroyJavaVM"                     [_thread_blocked, id=34772, stack(0x00000062e6900000,0x00000062e6a00000) (1024K)]
  0x00000235e5e11130 JavaThread "TimerQueue"                 daemon [_thread_blocked, id=35860, stack(0x00000062e8000000,0x00000062e8100000) (1024K)]
  0x00000235e5e0fd80 JavaThread "mysql-cj-abandoned-connection-cleanup" daemon [_thread_blocked, id=1404, stack(0x00000062e7f00000,0x00000062e8000000) (1024K)]
Total: 17

Other Threads:
=>0x000002359f017540 VMThread "VM Thread"                           [id=23396, stack(0x00000062e7000000,0x00000062e7100000) (1024K)]
  0x000002359f0043c0 WatcherThread "VM Periodic Task Thread"        [id=37036, stack(0x00000062e6f00000,0x00000062e7000000) (1024K)]
  0x00000235ffd83dd0 WorkerThread "GC Thread#0"                     [id=34808, stack(0x00000062e6a00000,0x00000062e6b00000) (1024K)]
  0x00000235e5f44ca0 WorkerThread "GC Thread#1"                     [id=35492, stack(0x00000062e8100000,0x00000062e8200000) (1024K)]
  0x00000235e5f382f0 WorkerThread "GC Thread#2"                     [id=38840, stack(0x00000062e8200000,0x00000062e8300000) (1024K)]
  0x00000235e5f386a0 WorkerThread "GC Thread#3"                     [id=7900, stack(0x00000062e8300000,0x00000062e8400000) (1024K)]
  0x00000235ffd99c80 ConcurrentGCThread "G1 Main Marker"            [id=38168, stack(0x00000062e6b00000,0x00000062e6c00000) (1024K)]
  0x00000235ffd9ae40 WorkerThread "G1 Conc#0"                       [id=38784, stack(0x00000062e6c00000,0x00000062e6d00000) (1024K)]
  0x00000235ffdee7e0 ConcurrentGCThread "G1 Refine#0"               [id=38524, stack(0x00000062e6d00000,0x00000062e6e00000) (1024K)]
  0x000002359eec74f0 ConcurrentGCThread "G1 Service"                [id=32144, stack(0x00000062e6e00000,0x00000062e6f00000) (1024K)]
Total: 10

Threads with active compile tasks:
C2 CompilerThread0  110515 2773       4       java.awt.Container::getMouseEventTarget (50 bytes)
C1 CompilerThread0  110515 2774       3       javax.swing.SwingUtilities::layoutCompoundLabel (163 bytes)
Total: 2

VM state: at safepoint (normal execution)

VM Mutex/Monitor currently owned by a thread:  ([mutex/lock_event])
[0x00007ffcc4373910] Threads_lock - owner thread: 0x000002359f017540
[0x00007ffcc4373a10] Heap_lock - owner thread: 0x000002359f03ad30

Heap address: 0x0000000701e00000, size: 4066 MB, Compressed Oops mode: Zero based, Oop shift amount: 3

CDS archive(s) mapped at: [0x00000235a0000000-0x00000235a0d70000-0x00000235a0d70000), size 14090240, SharedBaseAddress: 0x00000235a0000000, ArchiveRelocationMode: 1.
Compressed class space mapped at: 0x00000235a1000000-0x00000235e1000000, reserved size: 1073741824
Narrow klass base: 0x00000235a0000000, Narrow klass shift: 0, Narrow klass range: 0x41000000

GC Precious Log:
 CardTable entry size: 512
 Card Set container configuration: InlinePtr #cards 4 size 8 Array Of Cards #cards 16 size 48 Howl #buckets 8 coarsen threshold 3686 Howl Bitmap #cards 512 size 80 coarsen threshold 460 Card regions per heap region 1 cards per card region 4096
 CPUs: 4 total, 4 available
 Memory: 16259M
 Large Page Support: Disabled
 NUMA Support: Disabled
 Compressed Oops: Enabled (Zero based)
 Heap Region Size: 2M
 Heap Min Capacity: 8M
 Heap Initial Capacity: 256M
 Heap Max Capacity: 4066M
 Pre-touch: Disabled
 Parallel Workers: 4
 Concurrent Workers: 1
 Concurrent Refinement Workers: 4
 Periodic GC: Disabled

Heap:
 garbage-first heap   total reserved 4163584K, committed 262144K, used 105252K [0x0000000701e00000, 0x0000000800000000)
  region size 2048K, 2 young (4096K), 2 survivors (4096K)
 Metaspace       used 16050K, committed 16256K, reserved 1114112K
  class space    used 1830K, committed 1920K, reserved 1048576K

Heap Regions: E=young(eden), S=young(survivor), O=old, HS=humongous(starts), HC=humongous(continues), CS=collection set, F=free, TAMS=top-at-mark-start, PB=parsable bottom
|   0|0x0000000701e00000, 0x0000000702000000, 0x0000000702000000|100%|HS|  |TAMS 0x0000000702000000| PB 0x0000000701e00000| Complete |  0
|   1|0x0000000702000000, 0x0000000702200000, 0x0000000702200000|100%|HC|  |TAMS 0x0000000702200000| PB 0x0000000702000000| Complete |  0
|   2|0x0000000702200000, 0x0000000702400000, 0x0000000702400000|100%|HC|  |TAMS 0x0000000702400000| PB 0x0000000702200000| Complete |  0
|   3|0x0000000702400000, 0x0000000702600000, 0x0000000702600000|100%|HC|  |TAMS 0x0000000702600000| PB 0x0000000702400000| Complete |  0
|   4|0x0000000702600000, 0x0000000702800000, 0x0000000702800000|100%| O|  |TAMS 0x0000000702800000| PB 0x0000000702600000| Untracked |  0
|   5|0x0000000702800000, 0x0000000702a00000, 0x0000000702a00000|100%|HS|  |TAMS 0x0000000702a00000| PB 0x0000000702800000| Complete |  0
|   6|0x0000000702a00000, 0x0000000702c00000, 0x0000000702c00000|100%|HC|  |TAMS 0x0000000702c00000| PB 0x0000000702a00000| Complete |  0
|   7|0x0000000702c00000, 0x0000000702e00000, 0x0000000702e00000|100%|HC|  |TAMS 0x0000000702e00000| PB 0x0000000702c00000| Complete |  0
|   8|0x0000000702e00000, 0x0000000703000000, 0x0000000703000000|100%|HC|  |TAMS 0x0000000703000000| PB 0x0000000702e00000| Complete |  0
|   9|0x0000000703000000, 0x0000000703128df0, 0x0000000703200000| 57%| O|  |TAMS 0x0000000703128df0| PB 0x0000000703000000| Untracked |  0
|  10|0x0000000703200000, 0x0000000703400000, 0x0000000703400000|100%|HS|  |TAMS 0x0000000703400000| PB 0x0000000703200000| Complete |  0
|  11|0x0000000703400000, 0x0000000703600000, 0x0000000703600000|100%|HC|  |TAMS 0x0000000703600000| PB 0x0000000703400000| Complete |  0
|  12|0x0000000703600000, 0x0000000703800000, 0x0000000703800000|100%|HC|  |TAMS 0x0000000703800000| PB 0x0000000703600000| Complete |  0
|  13|0x0000000703800000, 0x0000000703a00000, 0x0000000703a00000|100%|HS|  |TAMS 0x0000000703a00000| PB 0x0000000703800000| Complete |  0
|  14|0x0000000703a00000, 0x0000000703c00000, 0x0000000703c00000|100%|HC|  |TAMS 0x0000000703c00000| PB 0x0000000703a00000| Complete |  0
|  15|0x0000000703c00000, 0x0000000703e00000, 0x0000000703e00000|100%|HC|  |TAMS 0x0000000703e00000| PB 0x0000000703c00000| Complete |  0
|  16|0x0000000703e00000, 0x0000000704000000, 0x0000000704000000|100%|HS|  |TAMS 0x0000000704000000| PB 0x0000000703e00000| Complete |  0
|  17|0x0000000704000000, 0x0000000704200000, 0x0000000704200000|100%|HC|  |TAMS 0x0000000704200000| PB 0x0000000704000000| Complete |  0
|  18|0x0000000704200000, 0x0000000704400000, 0x0000000704400000|100%|HC|  |TAMS 0x0000000704400000| PB 0x0000000704200000| Complete |  0
|  19|0x0000000704400000, 0x0000000704600000, 0x0000000704600000|100%|HS|  |TAMS 0x0000000704600000| PB 0x0000000704400000| Complete |  0
|  20|0x0000000704600000, 0x0000000704800000, 0x0000000704800000|100%|HC|  |TAMS 0x0000000704800000| PB 0x0000000704600000| Complete |  0
|  21|0x0000000704800000, 0x0000000704a00000, 0x0000000704a00000|100%|HC|  |TAMS 0x0000000704a00000| PB 0x0000000704800000| Complete |  0
|  22|0x0000000704a00000, 0x0000000704c00000, 0x0000000704c00000|100%|HS|  |TAMS 0x0000000704c00000| PB 0x0000000704a00000| Complete |  0
|  23|0x0000000704c00000, 0x0000000704e00000, 0x0000000704e00000|100%|HC|  |TAMS 0x0000000704e00000| PB 0x0000000704c00000| Complete |  0
|  24|0x0000000704e00000, 0x0000000705000000, 0x0000000705000000|100%|HC|  |TAMS 0x0000000705000000| PB 0x0000000704e00000| Complete |  0
|  25|0x0000000705000000, 0x0000000705200000, 0x0000000705200000|100%|HS|  |TAMS 0x0000000705200000| PB 0x0000000705000000| Complete |  0
|  26|0x0000000705200000, 0x0000000705400000, 0x0000000705400000|100%|HC|  |TAMS 0x0000000705400000| PB 0x0000000705200000| Complete |  0
|  27|0x0000000705400000, 0x0000000705600000, 0x0000000705600000|100%|HC|  |TAMS 0x0000000705600000| PB 0x0000000705400000| Complete |  0
|  28|0x0000000705600000, 0x0000000705800000, 0x0000000705800000|100%|HS|  |TAMS 0x0000000705800000| PB 0x0000000705600000| Complete |  0
|  29|0x0000000705800000, 0x0000000705a00000, 0x0000000705a00000|100%|HS|  |TAMS 0x0000000705a00000| PB 0x0000000705800000| Complete |  0
|  30|0x0000000705a00000, 0x0000000705c00000, 0x0000000705c00000|100%|HC|  |TAMS 0x0000000705c00000| PB 0x0000000705a00000| Complete |  0
|  31|0x0000000705c00000, 0x0000000705e00000, 0x0000000705e00000|100%|HC|  |TAMS 0x0000000705e00000| PB 0x0000000705c00000| Complete |  0
|  32|0x0000000705e00000, 0x0000000706000000, 0x0000000706000000|100%|HS|  |TAMS 0x0000000706000000| PB 0x0000000705e00000| Complete |  0
|  33|0x0000000706000000, 0x0000000706200000, 0x0000000706200000|100%|HS|  |TAMS 0x0000000706200000| PB 0x0000000706000000| Complete |  0
|  34|0x0000000706200000, 0x0000000706400000, 0x0000000706400000|100%|HS|  |TAMS 0x0000000706400000| PB 0x0000000706200000| Complete |  0
|  35|0x0000000706400000, 0x0000000706600000, 0x0000000706600000|100%|HS|  |TAMS 0x0000000706600000| PB 0x0000000706400000| Complete |  0
|  36|0x0000000706600000, 0x0000000706800000, 0x0000000706800000|100%|HC|  |TAMS 0x0000000706800000| PB 0x0000000706600000| Complete |  0
|  37|0x0000000706800000, 0x0000000706a00000, 0x0000000706a00000|100%|HC|  |TAMS 0x0000000706a00000| PB 0x0000000706800000| Complete |  0
|  38|0x0000000706a00000, 0x0000000706c00000, 0x0000000706c00000|100%|HS|  |TAMS 0x0000000706c00000| PB 0x0000000706a00000| Complete |  0
|  39|0x0000000706c00000, 0x0000000706e00000, 0x0000000706e00000|100%|HC|  |TAMS 0x0000000706e00000| PB 0x0000000706c00000| Complete |  0
|  40|0x0000000706e00000, 0x0000000707000000, 0x0000000707000000|100%|HC|  |TAMS 0x0000000707000000| PB 0x0000000706e00000| Complete |  0
|  41|0x0000000707000000, 0x0000000707200000, 0x0000000707200000|100%|HS|  |TAMS 0x0000000707200000| PB 0x0000000707000000| Complete |  0
|  42|0x0000000707200000, 0x0000000707400000, 0x0000000707400000|100%|HC|  |TAMS 0x0000000707400000| PB 0x0000000707200000| Complete |  0
|  43|0x0000000707400000, 0x0000000707600000, 0x0000000707600000|100%|HC|  |TAMS 0x0000000707600000| PB 0x0000000707400000| Complete |  0
|  44|0x0000000707600000, 0x0000000707800000, 0x0000000707800000|100%|HS|  |TAMS 0x0000000707800000| PB 0x0000000707600000| Complete |  0
|  45|0x0000000707800000, 0x0000000707a00000, 0x0000000707a00000|100%|HC|  |TAMS 0x0000000707a00000| PB 0x0000000707800000| Complete |  0
|  46|0x0000000707a00000, 0x0000000707c00000, 0x0000000707c00000|100%|HC|  |TAMS 0x0000000707c00000| PB 0x0000000707a00000| Complete |  0
|  47|0x0000000707c00000, 0x0000000707e00000, 0x0000000707e00000|100%|HS|  |TAMS 0x0000000707e00000| PB 0x0000000707c00000| Complete |  0
|  48|0x0000000707e00000, 0x0000000708000000, 0x0000000708000000|100%|HC|  |TAMS 0x0000000708000000| PB 0x0000000707e00000| Complete |  0
|  49|0x0000000708000000, 0x0000000708200000, 0x0000000708200000|100%|HC|  |TAMS 0x0000000708200000| PB 0x0000000708000000| Complete |  0
|  50|0x0000000708200000, 0x0000000708200000, 0x0000000708400000|  0%| F|  |TAMS 0x0000000708200000| PB 0x0000000708200000| Untracked |  0
|  51|0x0000000708400000, 0x0000000708400000, 0x0000000708600000|  0%| F|  |TAMS 0x0000000708400000| PB 0x0000000708400000| Untracked |  0
|  52|0x0000000708600000, 0x0000000708600000, 0x0000000708800000|  0%| F|  |TAMS 0x0000000708600000| PB 0x0000000708600000| Untracked |  0
|  53|0x0000000708800000, 0x0000000708800000, 0x0000000708a00000|  0%| F|  |TAMS 0x0000000708800000| PB 0x0000000708800000| Untracked |  0
|  54|0x0000000708a00000, 0x0000000708a00000, 0x0000000708c00000|  0%| F|  |TAMS 0x0000000708a00000| PB 0x0000000708a00000| Untracked |  0
|  55|0x0000000708c00000, 0x0000000708c00000, 0x0000000708e00000|  0%| F|  |TAMS 0x0000000708c00000| PB 0x0000000708c00000| Untracked |  0
|  56|0x0000000708e00000, 0x0000000708e00000, 0x0000000709000000|  0%| F|  |TAMS 0x0000000708e00000| PB 0x0000000708e00000| Untracked |  0
|  57|0x0000000709000000, 0x0000000709000000, 0x0000000709200000|  0%| F|  |TAMS 0x0000000709000000| PB 0x0000000709000000| Untracked |  0
|  58|0x0000000709200000, 0x0000000709200000, 0x0000000709400000|  0%| F|  |TAMS 0x0000000709200000| PB 0x0000000709200000| Untracked |  0
|  59|0x0000000709400000, 0x0000000709400000, 0x0000000709600000|  0%| F|  |TAMS 0x0000000709400000| PB 0x0000000709400000| Untracked |  0
|  60|0x0000000709600000, 0x0000000709600000, 0x0000000709800000|  0%| F|  |TAMS 0x0000000709600000| PB 0x0000000709600000| Untracked |  0
|  61|0x0000000709800000, 0x0000000709800000, 0x0000000709a00000|  0%| F|  |TAMS 0x0000000709800000| PB 0x0000000709800000| Untracked |  0
|  62|0x0000000709a00000, 0x0000000709a00000, 0x0000000709c00000|  0%| F|  |TAMS 0x0000000709a00000| PB 0x0000000709a00000| Untracked |  0
|  63|0x0000000709c00000, 0x0000000709c00000, 0x0000000709e00000|  0%| F|  |TAMS 0x0000000709c00000| PB 0x0000000709c00000| Untracked |  0
|  64|0x0000000709e00000, 0x0000000709e00000, 0x000000070a000000|  0%| F|  |TAMS 0x0000000709e00000| PB 0x0000000709e00000| Untracked |  0
|  65|0x000000070a000000, 0x000000070a000000, 0x000000070a200000|  0%| F|  |TAMS 0x000000070a000000| PB 0x000000070a000000| Untracked |  0
|  66|0x000000070a200000, 0x000000070a200000, 0x000000070a400000|  0%| F|  |TAMS 0x000000070a200000| PB 0x000000070a200000| Untracked |  0
|  67|0x000000070a400000, 0x000000070a400000, 0x000000070a600000|  0%| F|  |TAMS 0x000000070a400000| PB 0x000000070a400000| Untracked |  0
|  68|0x000000070a600000, 0x000000070a600000, 0x000000070a800000|  0%| F|  |TAMS 0x000000070a600000| PB 0x000000070a600000| Untracked |  0
|  69|0x000000070a800000, 0x000000070a800000, 0x000000070aa00000|  0%| F|  |TAMS 0x000000070a800000| PB 0x000000070a800000| Untracked |  0
|  70|0x000000070aa00000, 0x000000070aa00000, 0x000000070ac00000|  0%| F|  |TAMS 0x000000070aa00000| PB 0x000000070aa00000| Untracked |  0
|  71|0x000000070ac00000, 0x000000070ac00000, 0x000000070ae00000|  0%| F|  |TAMS 0x000000070ac00000| PB 0x000000070ac00000| Untracked |  0
|  72|0x000000070ae00000, 0x000000070ae00000, 0x000000070b000000|  0%| F|  |TAMS 0x000000070ae00000| PB 0x000000070ae00000| Untracked |  0
|  73|0x000000070b000000, 0x000000070b000000, 0x000000070b200000|  0%| F|  |TAMS 0x000000070b000000| PB 0x000000070b000000| Untracked |  0
|  74|0x000000070b200000, 0x000000070b200000, 0x000000070b400000|  0%| F|  |TAMS 0x000000070b200000| PB 0x000000070b200000| Untracked |  0
|  75|0x000000070b400000, 0x000000070b400000, 0x000000070b600000|  0%| F|  |TAMS 0x000000070b400000| PB 0x000000070b400000| Untracked |  0
|  76|0x000000070b600000, 0x000000070b600000, 0x000000070b800000|  0%| F|  |TAMS 0x000000070b600000| PB 0x000000070b600000| Untracked |  0
|  77|0x000000070b800000, 0x000000070b800000, 0x000000070ba00000|  0%| F|  |TAMS 0x000000070b800000| PB 0x000000070b800000| Untracked |  0
|  78|0x000000070ba00000, 0x000000070ba00000, 0x000000070bc00000|  0%| F|  |TAMS 0x000000070ba00000| PB 0x000000070ba00000| Untracked |  0
|  79|0x000000070bc00000, 0x000000070bc00000, 0x000000070be00000|  0%| F|  |TAMS 0x000000070bc00000| PB 0x000000070bc00000| Untracked |  0
|  80|0x000000070be00000, 0x000000070be00000, 0x000000070c000000|  0%| F|  |TAMS 0x000000070be00000| PB 0x000000070be00000| Untracked |  0
|  81|0x000000070c000000, 0x000000070c000000, 0x000000070c200000|  0%| F|  |TAMS 0x000000070c000000| PB 0x000000070c000000| Untracked |  0
|  82|0x000000070c200000, 0x000000070c200000, 0x000000070c400000|  0%| F|  |TAMS 0x000000070c200000| PB 0x000000070c200000| Untracked |  0
|  83|0x000000070c400000, 0x000000070c400000, 0x000000070c600000|  0%| F|  |TAMS 0x000000070c400000| PB 0x000000070c400000| Untracked |  0
|  84|0x000000070c600000, 0x000000070c600000, 0x000000070c800000|  0%| F|  |TAMS 0x000000070c600000| PB 0x000000070c600000| Untracked |  0
|  85|0x000000070c800000, 0x000000070c800000, 0x000000070ca00000|  0%| F|  |TAMS 0x000000070c800000| PB 0x000000070c800000| Untracked |  0
|  86|0x000000070ca00000, 0x000000070ca00000, 0x000000070cc00000|  0%| F|  |TAMS 0x000000070ca00000| PB 0x000000070ca00000| Untracked |  0
|  87|0x000000070cc00000, 0x000000070cc00000, 0x000000070ce00000|  0%| F|  |TAMS 0x000000070cc00000| PB 0x000000070cc00000| Untracked |  0
|  88|0x000000070ce00000, 0x000000070ce00000, 0x000000070d000000|  0%| F|  |TAMS 0x000000070ce00000| PB 0x000000070ce00000| Untracked |  0
|  89|0x000000070d000000, 0x000000070d000000, 0x000000070d200000|  0%| F|  |TAMS 0x000000070d000000| PB 0x000000070d000000| Untracked |  0
|  90|0x000000070d200000, 0x000000070d200000, 0x000000070d400000|  0%| F|  |TAMS 0x000000070d200000| PB 0x000000070d200000| Untracked |  0
|  91|0x000000070d400000, 0x000000070d400000, 0x000000070d600000|  0%| F|  |TAMS 0x000000070d400000| PB 0x000000070d400000| Untracked |  0
|  92|0x000000070d600000, 0x000000070d600000, 0x000000070d800000|  0%| F|  |TAMS 0x000000070d600000| PB 0x000000070d600000| Untracked |  0
|  93|0x000000070d800000, 0x000000070d800000, 0x000000070da00000|  0%| F|  |TAMS 0x000000070d800000| PB 0x000000070d800000| Untracked |  0
|  94|0x000000070da00000, 0x000000070da00000, 0x000000070dc00000|  0%| F|  |TAMS 0x000000070da00000| PB 0x000000070da00000| Untracked |  0
|  95|0x000000070dc00000, 0x000000070dc00000, 0x000000070de00000|  0%| F|  |TAMS 0x000000070dc00000| PB 0x000000070dc00000| Untracked |  0
|  96|0x000000070de00000, 0x000000070de00000, 0x000000070e000000|  0%| F|  |TAMS 0x000000070de00000| PB 0x000000070de00000| Untracked |  0
|  97|0x000000070e000000, 0x000000070e000000, 0x000000070e200000|  0%| F|  |TAMS 0x000000070e000000| PB 0x000000070e000000| Untracked |  0
|  98|0x000000070e200000, 0x000000070e200000, 0x000000070e400000|  0%| F|  |TAMS 0x000000070e200000| PB 0x000000070e200000| Untracked |  0
|  99|0x000000070e400000, 0x000000070e400000, 0x000000070e600000|  0%| F|  |TAMS 0x000000070e400000| PB 0x000000070e400000| Untracked |  0
| 100|0x000000070e600000, 0x000000070e600000, 0x000000070e800000|  0%| F|  |TAMS 0x000000070e600000| PB 0x000000070e600000| Untracked |  0
| 101|0x000000070e800000, 0x000000070e800000, 0x000000070ea00000|  0%| F|  |TAMS 0x000000070e800000| PB 0x000000070e800000| Untracked |  0
| 102|0x000000070ea00000, 0x000000070ea00000, 0x000000070ec00000|  0%| F|  |TAMS 0x000000070ea00000| PB 0x000000070ea00000| Untracked |  0
| 103|0x000000070ec00000, 0x000000070ec00000, 0x000000070ee00000|  0%| F|  |TAMS 0x000000070ec00000| PB 0x000000070ec00000| Untracked |  0
| 104|0x000000070ee00000, 0x000000070ee00000, 0x000000070f000000|  0%| F|  |TAMS 0x000000070ee00000| PB 0x000000070ee00000| Untracked |  0
| 105|0x000000070f000000, 0x000000070f000000, 0x000000070f200000|  0%| F|  |TAMS 0x000000070f000000| PB 0x000000070f000000| Untracked |  0
| 106|0x000000070f200000, 0x000000070f200000, 0x000000070f400000|  0%| F|  |TAMS 0x000000070f200000| PB 0x000000070f200000| Untracked |  0
| 107|0x000000070f400000, 0x000000070f400000, 0x000000070f600000|  0%| F|  |TAMS 0x000000070f400000| PB 0x000000070f400000| Untracked |  0
| 108|0x000000070f600000, 0x000000070f600000, 0x000000070f800000|  0%| F|  |TAMS 0x000000070f600000| PB 0x000000070f600000| Untracked |  0
| 109|0x000000070f800000, 0x000000070f800000, 0x000000070fa00000|  0%| F|  |TAMS 0x000000070f800000| PB 0x000000070f800000| Untracked |  0
| 110|0x000000070fa00000, 0x000000070fa00000, 0x000000070fc00000|  0%| F|  |TAMS 0x000000070fa00000| PB 0x000000070fa00000| Untracked |  0
| 111|0x000000070fc00000, 0x000000070fc00000, 0x000000070fe00000|  0%| F|  |TAMS 0x000000070fc00000| PB 0x000000070fc00000| Untracked |  0
| 112|0x000000070fe00000, 0x000000070fe00000, 0x0000000710000000|  0%| F|  |TAMS 0x000000070fe00000| PB 0x000000070fe00000| Untracked |  0
| 113|0x0000000710000000, 0x0000000710000000, 0x0000000710200000|  0%| F|  |TAMS 0x0000000710000000| PB 0x0000000710000000| Untracked |  0
| 114|0x0000000710200000, 0x0000000710200000, 0x0000000710400000|  0%| F|  |TAMS 0x0000000710200000| PB 0x0000000710200000| Untracked |  0
| 115|0x0000000710400000, 0x0000000710400000, 0x0000000710600000|  0%| F|  |TAMS 0x0000000710400000| PB 0x0000000710400000| Untracked |  0
| 116|0x0000000710600000, 0x0000000710600000, 0x0000000710800000|  0%| F|  |TAMS 0x0000000710600000| PB 0x0000000710600000| Untracked |  0
| 117|0x0000000710800000, 0x0000000710800000, 0x0000000710a00000|  0%| F|  |TAMS 0x0000000710800000| PB 0x0000000710800000| Untracked |  0
| 118|0x0000000710a00000, 0x0000000710a00000, 0x0000000710c00000|  0%| F|  |TAMS 0x0000000710a00000| PB 0x0000000710a00000| Untracked |  0
| 119|0x0000000710c00000, 0x0000000710c00000, 0x0000000710e00000|  0%| F|  |TAMS 0x0000000710c00000| PB 0x0000000710c00000| Untracked |  0
| 120|0x0000000710e00000, 0x0000000710e00000, 0x0000000711000000|  0%| F|  |TAMS 0x0000000710e00000| PB 0x0000000710e00000| Untracked |  0
| 121|0x0000000711000000, 0x0000000711000000, 0x0000000711200000|  0%| F|  |TAMS 0x0000000711000000| PB 0x0000000711000000| Untracked |  0
| 122|0x0000000711200000, 0x0000000711200000, 0x0000000711400000|  0%| F|  |TAMS 0x0000000711200000| PB 0x0000000711200000| Untracked |  0
| 123|0x0000000711400000, 0x00000007115a0530, 0x0000000711600000| 81%| S|CS|TAMS 0x0000000711400000| PB 0x0000000711400000| Complete |  0
| 124|0x0000000711600000, 0x0000000711800000, 0x0000000711800000|100%| S|CS|TAMS 0x0000000711600000| PB 0x0000000711600000| Complete |  0
| 125|0x0000000711800000, 0x0000000711800000, 0x0000000711a00000|  0%| F|  |TAMS 0x0000000711800000| PB 0x0000000711800000| Untracked |  0
| 126|0x0000000711a00000, 0x0000000711a00000, 0x0000000711c00000|  0%| F|  |TAMS 0x0000000711a00000| PB 0x0000000711a00000| Untracked |  0
| 127|0x0000000711c00000, 0x0000000711c00000, 0x0000000711e00000|  0%| F|  |TAMS 0x0000000711c00000| PB 0x0000000711c00000| Untracked |  0

Card table byte_map: [0x00000235982c0000,0x0000023598ac0000] _byte_map_base: 0x0000023594ab1000

Marking Bits: (CMBitMap*) 0x00000235ffd85400
 Bits: [0x0000023598ac0000, 0x000002359ca48000)

Polling page: 0x00000235fe3b0000

Metaspace:

Usage:
  Non-class:     13.89 MB used.
      Class:      1.79 MB used.
       Both:     15.67 MB used.

Virtual space:
  Non-class space:       64.00 MB reserved,      14.00 MB ( 22%) committed,  1 nodes.
      Class space:        1.00 GB reserved,       1.88 MB ( <1%) committed,  1 nodes.
             Both:        1.06 GB reserved,      15.88 MB (  1%) committed. 

Chunk freelists:
   Non-Class:  2.02 MB
       Class:  14.13 MB
        Both:  16.15 MB

MaxMetaspaceSize: unlimited
CompressedClassSpaceSize: 1.00 GB
Initial GC threshold: 21.00 MB
Current GC threshold: 25.94 MB
CDS: on
 - commit_granule_bytes: 65536.
 - commit_granule_words: 8192.
 - virtual_space_node_default_size: 8388608.
 - enlarge_chunks_in_place: 1.
 - use_allocation_guard: 0.


Internal statistics:

num_allocs_failed_limit: 0.
num_arena_births: 196.
num_arena_deaths: 0.
num_vsnodes_births: 2.
num_vsnodes_deaths: 0.
num_space_committed: 254.
num_space_uncommitted: 0.
num_chunks_returned_to_freelist: 0.
num_chunks_taken_from_freelist: 359.
num_chunk_merges: 0.
num_chunk_splits: 224.
num_chunks_enlarged: 129.
num_inconsistent_stats: 0.

CodeHeap 'non-profiled nmethods': size=120064Kb used=1290Kb max_used=1290Kb free=118773Kb
 bounds [0x0000023590130000, 0x00000235903a0000, 0x0000023597670000]
CodeHeap 'profiled nmethods': size=120000Kb used=4276Kb max_used=4276Kb free=115723Kb
 bounds [0x0000023588670000, 0x0000023588aa0000, 0x000002358fba0000]
CodeHeap 'non-nmethods': size=5696Kb used=1695Kb max_used=1762Kb free=4000Kb
 bounds [0x000002358fba0000, 0x000002358fe10000, 0x0000023590130000]
CodeCache: size=245760Kb, used=7261Kb, max_used=7328Kb, free=238496Kb
 total_blobs=3522, nmethods=2770, adapters=657, full_count=0
Compilation: enabled, stopped_count=0, restarted_count=0

Compilation events (20 events):
Event: 109.702 Thread 0x000002359f04e1a0 2764       3       sun.font.FontDesignMetrics::stringWidth (155 bytes)
Event: 109.704 Thread 0x000002359f04e1a0 nmethod 2764 0x0000023588a99a08 code [0x0000023588a99ce0, 0x0000023588a9aed0]
Event: 109.973 Thread 0x000002359f0412c0 2765       4       sun.java2d.marlin.Helpers::outcode (70 bytes)
Event: 109.975 Thread 0x000002359f0412c0 nmethod 2765 0x0000023590272508 code [0x0000023590272620, 0x00000235902727b8]
Event: 109.989 Thread 0x000002359f04e1a0 2766       3       java.awt.image.SampleModel::<init> (124 bytes)
Event: 109.990 Thread 0x000002359f04e1a0 nmethod 2766 0x0000023588a9af88 code [0x0000023588a9b140, 0x0000023588a9b848]
Event: 110.027 Thread 0x000002359f0412c0 2767       4       sun.java2d.marlin.MarlinTileGenerator::getTypicalAlpha (56 bytes)
Event: 110.028 Thread 0x000002359f0412c0 nmethod 2767 0x0000023590272808 code [0x0000023590272900, 0x0000023590272a18]
Event: 110.029 Thread 0x000002359f04e1a0 2768       3       sun.java2d.SurfaceData::canRenderLCDText (84 bytes)
Event: 110.030 Thread 0x000002359f04e1a0 nmethod 2768 0x0000023588a9b888 code [0x0000023588a9ba00, 0x0000023588a9c038]
Event: 110.030 Thread 0x000002359f04e1a0 2769       3       sun.font.Font2D::getStrike (27 bytes)
Event: 110.030 Thread 0x000002359f04e1a0 nmethod 2769 0x0000023588a9c088 code [0x0000023588a9c1c0, 0x0000023588a9c468]
Event: 110.030 Thread 0x000002359f04e1a0 2770       3       javax.swing.plaf.basic.BasicButtonListener::mouseMoved (1 bytes)
Event: 110.030 Thread 0x000002359f04e1a0 nmethod 2770 0x0000023588a9c488 code [0x0000023588a9c5a0, 0x0000023588a9c6a8]
Event: 110.104 Thread 0x000002359f04e1a0 2771  s    3       sun.awt.image.ToolkitImage::getImageRep (37 bytes)
Event: 110.104 Thread 0x000002359f04e1a0 nmethod 2771 0x0000023588a9c788 code [0x0000023588a9c8c0, 0x0000023588a9cda8]
Event: 110.104 Thread 0x000002359f04e1a0 2772       3       java.awt.color.ColorSpace::getInstance (77 bytes)
Event: 110.104 Thread 0x000002359f04e1a0 nmethod 2772 0x0000023588a9ce08 code [0x0000023588a9cf60, 0x0000023588a9d2f8]
Event: 110.394 Thread 0x000002359f0412c0 2773       4       java.awt.Container::getMouseEventTarget (50 bytes)
Event: 110.402 Thread 0x000002359f04e1a0 2774       3       javax.swing.SwingUtilities::layoutCompoundLabel (163 bytes)

GC Heap History (20 events):
Event: 14.233 GC heap after
{Heap after GC invocations=2 (full 0):
 garbage-first heap   total reserved 4163584K, committed 262144K, used 21031K [0x0000000701e00000, 0x0000000800000000)
  region size 2048K, 1 young (2048K), 1 survivors (2048K)
 Metaspace       used 12049K, committed 12224K, reserved 1114112K
  class space    used 1335K, committed 1408K, reserved 1048576K
}
Event: 14.705 GC heap before
{Heap before GC invocations=2 (full 0):
 garbage-first heap   total reserved 4163584K, committed 262144K, used 51751K [0x0000000701e00000, 0x0000000800000000)
  region size 2048K, 16 young (32768K), 1 survivors (2048K)
 Metaspace       used 14468K, committed 14720K, reserved 1114112K
  class space    used 1622K, committed 1728K, reserved 1048576K
}
Event: 14.709 GC heap after
{Heap after GC invocations=3 (full 0):
 garbage-first heap   total reserved 4163584K, committed 262144K, used 22469K [0x0000000701e00000, 0x0000000800000000)
  region size 2048K, 2 young (4096K), 2 survivors (4096K)
 Metaspace       used 14468K, committed 14720K, reserved 1114112K
  class space    used 1622K, committed 1728K, reserved 1048576K
}
Event: 17.861 GC heap before
{Heap before GC invocations=3 (full 0):
 garbage-first heap   total reserved 4163584K, committed 262144K, used 128965K [0x0000000701e00000, 0x0000000800000000)
  region size 2048K, 9 young (18432K), 2 survivors (4096K)
 Metaspace       used 15384K, committed 15616K, reserved 1114112K
  class space    used 1764K, committed 1856K, reserved 1048576K
}
Event: 17.865 GC heap after
{Heap after GC invocations=4 (full 0):
 garbage-first heap   total reserved 4163584K, committed 262144K, used 117428K [0x0000000701e00000, 0x0000000800000000)
  region size 2048K, 2 young (4096K), 2 survivors (4096K)
 Metaspace       used 15384K, committed 15616K, reserved 1114112K
  class space    used 1764K, committed 1856K, reserved 1048576K
}
Event: 17.870 GC heap before
{Heap before GC invocations=4 (full 0):
 garbage-first heap   total reserved 4163584K, committed 262144K, used 123572K [0x0000000701e00000, 0x0000000800000000)
  region size 2048K, 3 young (6144K), 2 survivors (4096K)
 Metaspace       used 15406K, committed 15616K, reserved 1114112K
  class space    used 1764K, committed 1856K, reserved 1048576K
}
Event: 17.874 GC heap after
{Heap after GC invocations=5 (full 0):
 garbage-first heap   total reserved 4163584K, committed 262144K, used 29489K [0x0000000701e00000, 0x0000000800000000)
  region size 2048K, 2 young (4096K), 2 survivors (4096K)
 Metaspace       used 15406K, committed 15616K, reserved 1114112K
  class space    used 1764K, committed 1856K, reserved 1048576K
}
Event: 35.745 GC heap before
{Heap before GC invocations=5 (full 0):
 garbage-first heap   total reserved 4163584K, committed 262144K, used 121649K [0x0000000701e00000, 0x0000000800000000)
  region size 2048K, 4 young (8192K), 2 survivors (4096K)
 Metaspace       used 15596K, committed 15936K, reserved 1114112K
  class space    used 1782K, committed 1920K, reserved 1048576K
}
Event: 35.748 GC heap after
{Heap after GC invocations=6 (full 0):
 garbage-first heap   total reserved 4163584K, committed 262144K, used 119490K [0x0000000701e00000, 0x0000000800000000)
  region size 2048K, 2 young (4096K), 2 survivors (4096K)
 Metaspace       used 15596K, committed 15936K, reserved 1114112K
  class space    used 1782K, committed 1920K, reserved 1048576K
}
Event: 35.750 GC heap before
{Heap before GC invocations=6 (full 0):
 garbage-first heap   total reserved 4163584K, committed 262144K, used 125634K [0x0000000701e00000, 0x0000000800000000)
  region size 2048K, 3 young (6144K), 2 survivors (4096K)
 Metaspace       used 15596K, committed 15936K, reserved 1114112K
  class space    used 1782K, committed 1920K, reserved 1048576K
}
Event: 35.752 GC heap after
{Heap after GC invocations=7 (full 0):
 garbage-first heap   total reserved 4163584K, committed 262144K, used 29272K [0x0000000701e00000, 0x0000000800000000)
  region size 2048K, 2 young (4096K), 2 survivors (4096K)
 Metaspace       used 15596K, committed 15936K, reserved 1114112K
  class space    used 1782K, committed 1920K, reserved 1048576K
}
Event: 99.771 GC heap before
{Heap before GC invocations=7 (full 0):
 garbage-first heap   total reserved 4163584K, committed 262144K, used 121432K [0x0000000701e00000, 0x0000000800000000)
  region size 2048K, 3 young (6144K), 2 survivors (4096K)
 Metaspace       used 15628K, committed 15936K, reserved 1114112K
  class space    used 1782K, committed 1920K, reserved 1048576K
}
Event: 99.774 GC heap after
{Heap after GC invocations=8 (full 0):
 garbage-first heap   total reserved 4163584K, committed 262144K, used 121554K [0x0000000701e00000, 0x0000000800000000)
  region size 2048K, 2 young (4096K), 2 survivors (4096K)
 Metaspace       used 15628K, committed 15936K, reserved 1114112K
  class space    used 1782K, committed 1920K, reserved 1048576K
}
Event: 99.804 GC heap before
{Heap before GC invocations=9 (full 0):
 garbage-first heap   total reserved 4163584K, committed 262144K, used 135890K [0x0000000701e00000, 0x0000000800000000)
  region size 2048K, 4 young (8192K), 2 survivors (4096K)
 Metaspace       used 15633K, committed 15936K, reserved 1114112K
  class space    used 1782K, committed 1920K, reserved 1048576K
}
Event: 99.808 GC heap after
{Heap after GC invocations=10 (full 0):
 garbage-first heap   total reserved 4163584K, committed 262144K, used 35539K [0x0000000701e00000, 0x0000000800000000)
  region size 2048K, 2 young (4096K), 2 survivors (4096K)
 Metaspace       used 15633K, committed 15936K, reserved 1114112K
  class space    used 1782K, committed 1920K, reserved 1048576K
}
Event: 106.484 GC heap before
{Heap before GC invocations=10 (full 0):
 garbage-first heap   total reserved 4163584K, committed 262144K, used 123603K [0x0000000701e00000, 0x0000000800000000)
  region size 2048K, 4 young (8192K), 2 survivors (4096K)
 Metaspace       used 15999K, committed 16256K, reserved 1114112K
  class space    used 1830K, committed 1920K, reserved 1048576K
}
Event: 106.488 GC heap after
{Heap after GC invocations=11 (full 0):
 garbage-first heap   total reserved 4163584K, committed 262144K, used 109195K [0x0000000701e00000, 0x0000000800000000)
  region size 2048K, 2 young (4096K), 2 survivors (4096K)
 Metaspace       used 15999K, committed 16256K, reserved 1114112K
  class space    used 1830K, committed 1920K, reserved 1048576K
}
Event: 106.522 GC heap before
{Heap before GC invocations=11 (full 0):
 garbage-first heap   total reserved 4163584K, committed 262144K, used 123531K [0x0000000701e00000, 0x0000000800000000)
  region size 2048K, 4 young (8192K), 2 survivors (4096K)
 Metaspace       used 16000K, committed 16256K, reserved 1114112K
  class space    used 1830K, committed 1920K, reserved 1048576K
}
Event: 106.526 GC heap after
{Heap after GC invocations=12 (full 0):
 garbage-first heap   total reserved 4163584K, committed 262144K, used 35684K [0x0000000701e00000, 0x0000000800000000)
  region size 2048K, 2 young (4096K), 2 survivors (4096K)
 Metaspace       used 16000K, committed 16256K, reserved 1114112K
  class space    used 1830K, committed 1920K, reserved 1048576K
}
Event: 110.403 GC heap before
{Heap before GC invocations=12 (full 0):
 garbage-first heap   total reserved 4163584K, committed 262144K, used 119652K [0x0000000701e00000, 0x0000000800000000)
  region size 2048K, 4 young (8192K), 2 survivors (4096K)
 Metaspace       used 16050K, committed 16256K, reserved 1114112K
  class space    used 1830K, committed 1920K, reserved 1048576K
}

Dll operation events (10 events):
Event: 0.014 Loaded shared library C:\Program Files\Java\jdk-23\bin\java.dll
Event: 0.061 Loaded shared library C:\Program Files\Java\jdk-23\bin\jsvml.dll
Event: 0.127 Loaded shared library C:\Program Files\Java\jdk-23\bin\net.dll
Event: 0.130 Loaded shared library C:\Program Files\Java\jdk-23\bin\nio.dll
Event: 0.184 Loaded shared library C:\Program Files\Java\jdk-23\bin\zip.dll
Event: 0.217 Loaded shared library C:\Program Files\Java\jdk-23\bin\jimage.dll
Event: 0.250 Loaded shared library C:\Program Files\Java\jdk-23\bin\awt.dll
Event: 0.637 Loaded shared library C:\Program Files\Java\jdk-23\bin\freetype.dll
Event: 0.638 Loaded shared library C:\Program Files\Java\jdk-23\bin\fontmanager.dll
Event: 14.295 Loaded shared library C:\Program Files\Java\jdk-23\bin\extnet.dll

Deoptimization events (20 events):
Event: 106.481 Thread 0x000002359f03ad30 DEOPT PACKING pc=0x0000023588a56bd2 sp=0x00000062e7efd140
Event: 106.481 Thread 0x000002359f03ad30 DEOPT UNPACKING pc=0x000002358fbf4b22 sp=0x00000062e7efc538 mode 0
Event: 106.511 Thread 0x000002359f03ad30 DEOPT PACKING pc=0x0000023588a533ef sp=0x00000062e7efcf90
Event: 106.511 Thread 0x000002359f03ad30 DEOPT UNPACKING pc=0x000002358fbf4b22 sp=0x00000062e7efc370 mode 0
Event: 106.513 Thread 0x000002359f03ad30 DEOPT PACKING pc=0x0000023588a535c3 sp=0x00000062e7efceb0
Event: 106.513 Thread 0x000002359f03ad30 DEOPT UNPACKING pc=0x000002358fbf4b22 sp=0x00000062e7efc290 mode 0
Event: 106.515 Thread 0x000002359f03ad30 DEOPT PACKING pc=0x0000023588a56bd2 sp=0x00000062e7efd140
Event: 106.515 Thread 0x000002359f03ad30 DEOPT UNPACKING pc=0x000002358fbf4b22 sp=0x00000062e7efc538 mode 0
Event: 106.545 Thread 0x000002359f03ad30 DEOPT PACKING pc=0x0000023588a56eca sp=0x00000062e7efd140
Event: 106.545 Thread 0x000002359f03ad30 DEOPT UNPACKING pc=0x000002358fbf4b22 sp=0x00000062e7efc540 mode 0
Event: 106.545 Thread 0x000002359f03ad30 DEOPT PACKING pc=0x0000023588832dbc sp=0x00000062e7efd300
Event: 106.545 Thread 0x000002359f03ad30 DEOPT UNPACKING pc=0x000002358fbf4b22 sp=0x00000062e7efc7e0 mode 0
Event: 106.547 Thread 0x000002359f03ad30 DEOPT PACKING pc=0x0000023588a54158 sp=0x00000062e7efcfc0
Event: 106.547 Thread 0x000002359f03ad30 DEOPT UNPACKING pc=0x000002358fbf4b22 sp=0x00000062e7efc430 mode 0
Event: 106.549 Thread 0x000002359f03ad30 DEOPT PACKING pc=0x0000023588a56eca sp=0x00000062e7efd140
Event: 106.549 Thread 0x000002359f03ad30 DEOPT UNPACKING pc=0x000002358fbf4b22 sp=0x00000062e7efc540 mode 0
Event: 107.160 Thread 0x000002359f03ad30 DEOPT PACKING pc=0x0000023588a54158 sp=0x00000062e7efcfc0
Event: 107.160 Thread 0x000002359f03ad30 DEOPT UNPACKING pc=0x000002358fbf4b22 sp=0x00000062e7efc430 mode 0
Event: 110.007 Thread 0x000002359f03ad30 DEOPT PACKING pc=0x0000023588a54158 sp=0x00000062e7efcfc0
Event: 110.007 Thread 0x000002359f03ad30 DEOPT UNPACKING pc=0x000002358fbf4b22 sp=0x00000062e7efc430 mode 0

Classes loaded (20 events):
Event: 103.549 Loading class java/awt/WaitDispatchSupport
Event: 103.549 Loading class java/awt/SecondaryLoop
Event: 103.549 Loading class java/awt/SecondaryLoop done
Event: 103.549 Loading class java/awt/WaitDispatchSupport done
Event: 103.549 Loading class java/awt/WaitDispatchSupport$5
Event: 103.549 Loading class java/awt/WaitDispatchSupport$5 done
Event: 103.549 Loading class java/awt/WaitDispatchSupport$1
Event: 103.549 Loading class java/awt/WaitDispatchSupport$1 done
Event: 103.550 Loading class java/awt/WaitDispatchSupport$2
Event: 103.550 Loading class java/awt/WaitDispatchSupport$2 done
Event: 103.550 Loading class java/awt/WaitDispatchSupport$4
Event: 103.550 Loading class java/awt/WaitDispatchSupport$4 done
Event: 103.558 Loading class javax/swing/plaf/synth/SynthGraphicsUtils$SynthIconWrapper
Event: 103.558 Loading class javax/swing/plaf/synth/SynthGraphicsUtils$SynthIconWrapper done
Event: 103.559 Loading class javax/swing/plaf/nimbus/OptionPanePainter
Event: 103.559 Loading class javax/swing/plaf/nimbus/OptionPanePainter done
Event: 103.561 Loading class java/awt/geom/EllipseIterator
Event: 103.562 Loading class java/awt/geom/EllipseIterator done
Event: 106.301 Loading class java/awt/Window$1DisposeAction
Event: 106.301 Loading class java/awt/Window$1DisposeAction done

Classes unloaded (0 events):
No events

Classes redefined (0 events):
No events

Internal exceptions (20 events):
Event: 0.776 Thread 0x00000235fe1d8fc0 Exception <a 'java/lang/ClassNotFoundException'{0x000000071194e2f0}: com/sun/swing/internal/plaf/metal/resources/spi/metalProvider> (0x000000071194e2f0) 
thrown [s\open\src\hotspot\share\classfile\systemDictionary.cpp, line 313]
Event: 0.778 Thread 0x00000235fe1d8fc0 Exception <a 'java/lang/ClassNotFoundException'{0x0000000711952050}: com/sun/swing/internal/plaf/basic/resources/spi/basicProvider> (0x0000000711952050) 
thrown [s\open\src\hotspot\share\classfile\systemDictionary.cpp, line 313]
Event: 0.851 Thread 0x000002359f03ad30 Exception <a 'java/lang/ClassNotFoundException'{0x00000007119c3268}: com/sun/swing/internal/plaf/synth/resources/spi/synthProvider> (0x00000007119c3268) 
thrown [s\open\src\hotspot\share\classfile\systemDictionary.cpp, line 313]
Event: 0.896 Thread 0x000002359f03ad30 Exception <a 'java/lang/NoSuchMethodError'{0x00000007116109e0}: 'int java.lang.invoke.Invokers$Holder.invokeExact_MT(java.lang.Object, java.lang.Object)'> (0x00000007116109e0) 
thrown [s\open\src\hotspot\share\interpreter\linkResolver.cpp, line 796]
Event: 0.921 Thread 0x000002359f03ad30 Exception <a 'java/lang/NoSuchMethodError'{0x000000071161eee0}: 'java.lang.Object java.lang.invoke.DirectMethodHandle$Holder.newInvokeSpecial(java.lang.Object, java.lang.Object, int)'> (0x000000071161eee0) 
thrown [s\open\src\hotspot\share\interpreter\linkResolver.cpp, line 796]
Event: 0.926 Thread 0x000002359f03ad30 Exception <a 'java/lang/NoSuchMethodError'{0x0000000711633218}: 'java.lang.Object java.lang.invoke.DirectMethodHandle$Holder.invokeStatic(java.lang.Object, java.lang.Object, java.lang.Object, java.lang.Object, int)'> (0x0000000711633218) 
thrown [s\open\src\hotspot\share\interpreter\linkResolver.cpp, line 796]
Event: 0.931 Thread 0x000002359f03ad30 Exception <a 'java/lang/NoSuchMethodError'{0x000000071163ec10}: 'int java.lang.invoke.DirectMethodHandle$Holder.invokeSpecial(java.lang.Object, java.lang.Object, java.lang.Object)'> (0x000000071163ec10) 
thrown [s\open\src\hotspot\share\interpreter\linkResolver.cpp, line 796]
Event: 1.148 Thread 0x00000235e5e117c0 Exception <a 'java/lang/NoSuchMethodError'{0x0000000711436900}: 'java.lang.Object java.lang.invoke.DirectMethodHandle$Holder.newInvokeSpecial(java.lang.Object, java.lang.Object, java.lang.Object, int, int, int, int, int)'> (0x0000000711436900) 
thrown [s\open\src\hotspot\share\interpreter\linkResolver.cpp, line 796]
Event: 1.562 Thread 0x000002359f03a6a0 Exception <a 'java/lang/NoSuchMethodError'{0x0000000711d0b360}: 'void java.lang.invoke.DirectMethodHandle$Holder.invokeVirtual(java.lang.Object, java.lang.Object)'> (0x0000000711d0b360) 
thrown [s\open\src\hotspot\share\interpreter\linkResolver.cpp, line 796]
Event: 1.591 Thread 0x000002359f03ad30 Exception <a 'java/lang/NoSuchMethodError'{0x0000000711d23590}: 'void java.lang.invoke.DirectMethodHandle$Holder.invokeStaticInit(java.lang.Object)'> (0x0000000711d23590) 
thrown [s\open\src\hotspot\share\interpreter\linkResolver.cpp, line 796]
Event: 13.415 Thread 0x000002359f03ad30 Implicit null exception at 0x00000235901aee60 to 0x00000235901af3d9
Event: 13.415 Thread 0x000002359f03ad30 Implicit null exception at 0x00000235901a83e8 to 0x00000235901a8b0f
Event: 13.415 Thread 0x000002359f03ad30 Implicit null exception at 0x00000235901aee60 to 0x00000235901af3d9
Event: 13.415 Thread 0x000002359f03ad30 Implicit null exception at 0x00000235901a83e8 to 0x00000235901a8b0f
Event: 13.416 Thread 0x000002359f03ad30 Implicit null exception at 0x00000235901aee60 to 0x00000235901af3d9
Event: 14.147 Thread 0x000002359f03ad30 Exception <a 'java/lang/NoSuchMethodError'{0x00000007115c4320}: 'void java.lang.invoke.DirectMethodHandle$Holder.invokeStatic(java.lang.Object, java.lang.Object)'> (0x00000007115c4320) 
thrown [s\open\src\hotspot\share\interpreter\linkResolver.cpp, line 796]
Event: 14.176 Thread 0x000002359f03ad30 Exception <a 'java/lang/NoSuchMethodError'{0x000000071128bac8}: 'java.lang.Object java.lang.invoke.DirectMethodHandle$Holder.invokeInterface(java.lang.Object, java.lang.Object)'> (0x000000071128bac8) 
thrown [s\open\src\hotspot\share\interpreter\linkResolver.cpp, line 796]
Event: 14.199 Thread 0x000002359f03ad30 Exception <a 'java/lang/NoSuchMethodError'{0x0000000711302df8}: 'java.lang.Object java.lang.invoke.DirectMethodHandle$Holder.invokeVirtual(java.lang.Object, java.lang.Object, java.lang.Object)'> (0x0000000711302df8) 
thrown [s\open\src\hotspot\share\interpreter\linkResolver.cpp, line 796]
Event: 17.882 Thread 0x00000235e5e0fd80 Exception <a 'java/lang/NoSuchMethodError'{0x0000000711caa870}: 'void java.lang.invoke.DirectMethodHandle$Holder.invokeStaticInit(java.lang.Object, java.lang.Object)'> (0x0000000711caa870) 
thrown [s\open\src\hotspot\share\interpreter\linkResolver.cpp, line 796]
Event: 103.548 Thread 0x000002359f03ad30 Exception <a 'java/lang/NoSuchMethodError'{0x0000000711d1e6f8}: 'int java.lang.invoke.DirectMethodHandle$Holder.invokeStatic(java.lang.Object)'> (0x0000000711d1e6f8) 
thrown [s\open\src\hotspot\share\interpreter\linkResolver.cpp, line 796]

VM Operations (20 events):
Event: 35.752 Executing VM operation: G1TryInitiateConcMark (G1 Humongous Allocation) done
Event: 60.098 Executing VM operation: HandshakeAllThreads (HandshakeForDeflation)
Event: 60.098 Executing VM operation: HandshakeAllThreads (HandshakeForDeflation) done
Event: 60.098 Executing VM operation: RendezvousGCThreads
Event: 60.098 Executing VM operation: RendezvousGCThreads done
Event: 99.771 Executing VM operation: G1TryInitiateConcMark (G1 Humongous Allocation)
Event: 99.774 Executing VM operation: G1TryInitiateConcMark (G1 Humongous Allocation) done
Event: 99.786 Executing VM operation: G1PauseRemark
Event: 99.788 Executing VM operation: G1PauseRemark done
Event: 99.792 Executing VM operation: G1PauseCleanup
Event: 99.792 Executing VM operation: G1PauseCleanup done
Event: 99.804 Executing VM operation: G1TryInitiateConcMark (G1 Humongous Allocation)
Event: 99.808 Executing VM operation: G1TryInitiateConcMark (G1 Humongous Allocation) done
Event: 103.505 Executing VM operation: HandshakeAllThreads (Deoptimize)
Event: 103.505 Executing VM operation: HandshakeAllThreads (Deoptimize) done
Event: 106.484 Executing VM operation: G1TryInitiateConcMark (G1 Humongous Allocation)
Event: 106.488 Executing VM operation: G1TryInitiateConcMark (G1 Humongous Allocation) done
Event: 106.522 Executing VM operation: G1TryInitiateConcMark (G1 Humongous Allocation)
Event: 106.526 Executing VM operation: G1TryInitiateConcMark (G1 Humongous Allocation) done
Event: 110.403 Executing VM operation: G1TryInitiateConcMark (G1 Humongous Allocation)

Memory protections (0 events):
No events

Nmethod flushes (0 events):
No events

Events (20 events):
Event: 0.457 Thread 0x00000235fe1d8fc0 Thread added: 0x000002359f03a6a0
Event: 0.826 Thread 0x00000235fe1d8fc0 Thread added: 0x000002359f03ad30
Event: 0.827 Thread 0x00000235fe1d8fc0 Thread exited: 0x00000235fe1d8fc0
Event: 0.827 Thread 0x000002359f03b3c0 Thread added: 0x000002359f03b3c0
Event: 1.017 Thread 0x000002359f03ad30 Thread added: 0x00000235e5e117c0
Event: 1.139 Thread 0x000002359f04e1a0 Thread added: 0x00000235e5f98920
Event: 1.712 Thread 0x00000235e5f98920 Thread exited: 0x00000235e5f98920
Event: 3.557 Thread 0x000002359f03ad30 Thread added: 0x00000235e5e11130
Event: 6.550 Thread 0x00000235e5e117c0 Thread exited: 0x00000235e5e117c0
Event: 14.148 Thread 0x000002359f03ad30 Thread added: 0x00000235e5e0fd80
Event: 14.187 Thread 0x000002359f04e1a0 Thread added: 0x00000235e5c97ee0
Event: 14.485 Thread 0x000002359f03ad30 Thread added: 0x00000235e5e0f6f0
Event: 14.698 Thread 0x000002359f03ad30 Thread added: 0x00000235e5e124e0
Event: 14.703 Thread 0x000002359f03ad30 Thread added: 0x00000235e5e12b70
Event: 15.606 Thread 0x00000235e5c97ee0 Thread exited: 0x00000235e5c97ee0
Event: 17.755 Thread 0x000002359f04e1a0 Thread added: 0x00000235e6893670
Event: 19.743 Thread 0x00000235e5e124e0 Thread exited: 0x00000235e5e124e0
Event: 19.743 Thread 0x00000235e5e0f6f0 Thread exited: 0x00000235e5e0f6f0
Event: 21.127 Thread 0x00000235e6893670 Thread exited: 0x00000235e6893670
Event: 22.705 Thread 0x00000235e5e12b70 Thread exited: 0x00000235e5e12b70


Dynamic libraries:
0x00007ff6aeb80000 - 0x00007ff6aeb90000 	C:\Program Files\Java\jdk-23\bin\java.exe
0x00007ffd6ef10000 - 0x00007ffd6f108000 	C:\Windows\SYSTEM32\ntdll.dll
0x00007ffd6cf30000 - 0x00007ffd6cff2000 	C:\Windows\System32\KERNEL32.DLL
0x00007ffd6c9a0000 - 0x00007ffd6cc96000 	C:\Windows\System32\KERNELBASE.dll
0x00007ffd6c850000 - 0x00007ffd6c950000 	C:\Windows\System32\ucrtbase.dll
0x00007ffd52d60000 - 0x00007ffd52d7b000 	C:\Program Files\Java\jdk-23\bin\VCRUNTIME140.dll
0x00007ffd52da0000 - 0x00007ffd52db7000 	C:\Program Files\Java\jdk-23\bin\jli.dll
0x00007ffd6da00000 - 0x00007ffd6dba1000 	C:\Windows\System32\USER32.dll
0x00007ffd6c5a0000 - 0x00007ffd6c5c2000 	C:\Windows\System32\win32u.dll
0x00007ffd58770000 - 0x00007ffd58a0b000 	C:\Windows\WinSxS\amd64_microsoft.windows.common-controls_6595b64144ccf1df_6.0.19041.6456_none_60b8a6cb71f64256\COMCTL32.dll
0x00007ffd6e1b0000 - 0x00007ffd6e1db000 	C:\Windows\System32\GDI32.dll
0x00007ffd6df10000 - 0x00007ffd6dfae000 	C:\Windows\System32\msvcrt.dll
0x00007ffd6ccd0000 - 0x00007ffd6cde9000 	C:\Windows\System32\gdi32full.dll
0x00007ffd6c7b0000 - 0x00007ffd6c84d000 	C:\Windows\System32\msvcp_win.dll
0x00007ffd6dbb0000 - 0x00007ffd6dbdf000 	C:\Windows\System32\IMM32.DLL
0x00007ffd5b5e0000 - 0x00007ffd5b5ec000 	C:\Program Files\Java\jdk-23\bin\vcruntime140_1.dll
0x00007ffd1ec00000 - 0x00007ffd1ec8e000 	C:\Program Files\Java\jdk-23\bin\msvcp140.dll
0x00007ffcc3700000 - 0x00007ffcc444f000 	C:\Program Files\Java\jdk-23\bin\server\jvm.dll
0x00007ffd6dfb0000 - 0x00007ffd6e061000 	C:\Windows\System32\ADVAPI32.dll
0x00007ffd6ee30000 - 0x00007ffd6eecf000 	C:\Windows\System32\sechost.dll
0x00007ffd6ddf0000 - 0x00007ffd6df10000 	C:\Windows\System32\RPCRT4.dll
0x00007ffd6cca0000 - 0x00007ffd6ccc7000 	C:\Windows\System32\bcrypt.dll
0x00007ffd6eba0000 - 0x00007ffd6ec0b000 	C:\Windows\System32\WS2_32.dll
0x00007ffd6c400000 - 0x00007ffd6c44b000 	C:\Windows\SYSTEM32\POWRPROF.dll
0x00007ffd62be0000 - 0x00007ffd62bea000 	C:\Windows\SYSTEM32\VERSION.dll
0x00007ffd58a20000 - 0x00007ffd58a47000 	C:\Windows\SYSTEM32\WINMM.dll
0x00007ffd6c3e0000 - 0x00007ffd6c3f2000 	C:\Windows\SYSTEM32\UMPDC.dll
0x00007ffd6adb0000 - 0x00007ffd6adc2000 	C:\Windows\SYSTEM32\kernel.appcore.dll
0x00007ffd52350000 - 0x00007ffd5235a000 	C:\Program Files\Java\jdk-23\bin\jimage.dll
0x00007ffd6ab80000 - 0x00007ffd6ad81000 	C:\Windows\SYSTEM32\DBGHELP.DLL
0x00007ffd594d0000 - 0x00007ffd59504000 	C:\Windows\SYSTEM32\dbgcore.DLL
0x00007ffd6cea0000 - 0x00007ffd6cf22000 	C:\Windows\System32\bcryptPrimitives.dll
0x00007ffd52360000 - 0x00007ffd5237e000 	C:\Program Files\Java\jdk-23\bin\java.dll
0x00007ffd6e070000 - 0x00007ffd6e19b000 	C:\Windows\System32\ole32.dll
0x00007ffd6d1a0000 - 0x00007ffd6d4f4000 	C:\Windows\System32\combase.dll
0x00007ffd6e430000 - 0x00007ffd6eba0000 	C:\Windows\System32\SHELL32.dll
0x00007ffd6a030000 - 0x00007ffd6a7d5000 	C:\Windows\SYSTEM32\windows.storage.dll
0x00007ffd6bef0000 - 0x00007ffd6bf1b000 	C:\Windows\SYSTEM32\Wldp.dll
0x00007ffd6e360000 - 0x00007ffd6e42d000 	C:\Windows\System32\OLEAUT32.dll
0x00007ffd6e2b0000 - 0x00007ffd6e35d000 	C:\Windows\System32\SHCORE.dll
0x00007ffd6edd0000 - 0x00007ffd6ee2b000 	C:\Windows\System32\shlwapi.dll
0x00007ffd6c4d0000 - 0x00007ffd6c4f4000 	C:\Windows\SYSTEM32\profapi.dll
0x00007ffd383c0000 - 0x00007ffd38497000 	C:\Program Files\Java\jdk-23\bin\jsvml.dll
0x00007ffd4e5c0000 - 0x00007ffd4e5d0000 	C:\Program Files\Java\jdk-23\bin\net.dll
0x00007ffd6bc50000 - 0x00007ffd6bcba000 	C:\Windows\system32\mswsock.dll
0x00007ffd4e5a0000 - 0x00007ffd4e5b6000 	C:\Program Files\Java\jdk-23\bin\nio.dll
0x00007ffd3fda0000 - 0x00007ffd3fdb7000 	C:\Program Files\Java\jdk-23\bin\zip.dll
0x00007ffd1ec90000 - 0x00007ffd1ee1e000 	C:\Program Files\Java\jdk-23\bin\awt.dll
0x00007ffd68340000 - 0x00007ffd683d4000 	C:\Windows\SYSTEM32\apphelp.dll
0x00007ffd69880000 - 0x00007ffd6991e000 	C:\Windows\system32\uxtheme.dll
0x00007ffd6ec10000 - 0x00007ffd6ed25000 	C:\Windows\System32\MSCTF.dll
0x00007ffd69a90000 - 0x00007ffd69abe000 	C:\Windows\system32\DWMAPI.DLL
0x00007ffd1e2b0000 - 0x00007ffd1e337000 	C:\Program Files\Java\jdk-23\bin\freetype.dll
0x00007ffd03ce0000 - 0x00007ffd03db7000 	C:\Program Files\Java\jdk-23\bin\fontmanager.dll
0x00007ffd46b00000 - 0x00007ffd46c28000 	C:\Windows\system32\opengl32.dll
0x00007ffd46ad0000 - 0x00007ffd46afc000 	C:\Windows\SYSTEM32\GLU32.dll
0x00007ffd6d0f0000 - 0x00007ffd6d199000 	C:\Windows\System32\clbcatq.dll
0x00007ffd69690000 - 0x00007ffd69846000 	C:\Windows\SYSTEM32\WindowsCodecs.dll
0x00007ffd47710000 - 0x00007ffd4774e000 	C:\Windows\system32\dataexchange.dll
0x00007ffd67410000 - 0x00007ffd675f4000 	C:\Windows\system32\dcomp.dll
0x00007ffd66be0000 - 0x00007ffd66e44000 	C:\Windows\system32\d3d11.dll
0x00007ffd6ae20000 - 0x00007ffd6af16000 	C:\Windows\system32\dxgi.dll
0x00007ffd64110000 - 0x00007ffd64313000 	C:\Windows\system32\twinapi.appcore.dll
0x00007ffd469c0000 - 0x00007ffd46ab9000 	C:\Windows\SYSTEM32\textinputframework.dll
0x00007ffd67870000 - 0x00007ffd67bcb000 	C:\Windows\System32\CoreUIComponents.dll
0x00007ffd67f90000 - 0x00007ffd68082000 	C:\Windows\System32\CoreMessaging.dll
0x00007ffd6b7c0000 - 0x00007ffd6b7f3000 	C:\Windows\SYSTEM32\ntmarta.dll
0x00007ffd68a70000 - 0x00007ffd68bc7000 	C:\Windows\SYSTEM32\wintypes.dll
0x00007ffd6b970000 - 0x00007ffd6ba3a000 	C:\Windows\SYSTEM32\DNSAPI.dll
0x00007ffd6b930000 - 0x00007ffd6b96b000 	C:\Windows\SYSTEM32\IPHLPAPI.DLL
0x00007ffd6e1a0000 - 0x00007ffd6e1a8000 	C:\Windows\System32\NSI.dll
0x00007ffd63d90000 - 0x00007ffd63d9a000 	C:\Windows\System32\rasadhlp.dll
0x00007ffd5caa0000 - 0x00007ffd5cb20000 	C:\Windows\System32\fwpuclnt.dll
0x00007ffd4da60000 - 0x00007ffd4da69000 	C:\Program Files\Java\jdk-23\bin\extnet.dll

dbghelp: loaded successfully - version: 4.0.5 - missing functions: none
symbol engine: initialized successfully - sym options: 0x614 - pdb path: .;C:\Program Files\Java\jdk-23\bin;C:\Windows\SYSTEM32;C:\Windows\WinSxS\amd64_microsoft.windows.common-controls_6595b64144ccf1df_6.0.19041.6456_none_60b8a6cb71f64256;C:\Program Files\Java\jdk-23\bin\server

VM Arguments:
jvm_args: -Dfile.encoding=UTF-8 --module-path=C:\Users\SR Laptop\Documents\NetBeansProjects\Pharmacy Management System\build\classes 
java_command: Login
java_class_path (initial): C:\Program Files\NetBeans-24\netbeans\java\modules\ext\AbsoluteLayout.jar;C:\Users\SR Laptop\Downloads\jcalendar-1.4\lib\jcalendar-1.4.jar;C:\Users\SR Laptop\Downloads\itext.jar;C:\Users\SR Laptop\Downloads\AbsoluteLayout.jar;C:\Users\SR Laptop\Downloads\mysql-connector-java-8.0.20.jar;C:\Users\SR Laptop\Documents\NetBeansProjects\Pharmacy Management System\build\classes
Launcher Type: SUN_STANDARD

[Global flags]
     intx CICompilerCount                          = 3                                         {product} {ergonomic}
     uint ConcGCThreads                            = 1                                         {product} {ergonomic}
     uint G1ConcRefinementThreads                  = 4                                         {product} {ergonomic}
   size_t G1HeapRegionSize                         = 2097152                                   {product} {ergonomic}
   size_t InitialHeapSize                          = 268435456                                 {product} {ergonomic}
   size_t MarkStackSize                            = 4194304                                   {product} {ergonomic}
   size_t MarkStackSizeMax                         = 536870912                                 {product} {ergonomic}
   size_t MaxHeapSize                              = 4263510016                                {product} {ergonomic}
   size_t MaxNewSize                               = 2556428288                                {product} {ergonomic}
   size_t MinHeapDeltaBytes                        = 2097152                                   {product} {ergonomic}
   size_t MinHeapSize                              = 8388608                                   {product} {ergonomic}
    uintx NonNMethodCodeHeapSize                   = 5832704                                {pd product} {ergonomic}
    uintx NonProfiledCodeHeapSize                  = 122945536                              {pd product} {ergonomic}
    uintx ProfiledCodeHeapSize                     = 122880000                              {pd product} {ergonomic}
    uintx ReservedCodeCacheSize                    = 251658240                              {pd product} {ergonomic}
     bool SegmentedCodeCache                       = true                                      {product} {ergonomic}
   size_t SoftMaxHeapSize                          = 4263510016                             {manageable} {ergonomic}
     bool UseCompressedOops                        = true                           {product lp64_product} {ergonomic}
     bool UseG1GC                                  = true                                      {product} {ergonomic}
     bool UseLargePagesIndividualAllocation        = false                                  {pd product} {ergonomic}

Logging:
Log output configuration:
 #0: stdout all=warning uptime,level,tags foldmultilines=false
 #1: stderr all=off uptime,level,tags foldmultilines=false

Environment Variables:
PATH=C:\Program Files\Common Files\Oracle\Java\javapath;C:\Windows\system32;C:\Windows;C:\Windows\System32\Wbem;C:\Windows\System32\WindowsPowerShell\v1.0\;C:\Windows\System32\OpenSSH\;C:\Program Files\MySQL\MySQL Server 8.0\bin;C:\Program Files\MySQL\MySQL Shell 8.0\bin\;C:\Users\SR Laptop\AppData\Local\Microsoft\WindowsApps;C:\ProgramData\SR Laptop\GitHubDesktop\bin;C:\Users\SR Laptop\AppData\Local\GitHubDesktop\bin;C:\Users\SR Laptop\AppData\Local\Programs\Microsoft VS Code\bin
USERNAME=SR Laptop
OS=Windows_NT
PROCESSOR_IDENTIFIER=Intel64 Family 6 Model 142 Stepping 9, GenuineIntel
TMP=C:\Users\SRLAPT~1\AppData\Local\Temp
TEMP=C:\Users\SRLAPT~1\AppData\Local\Temp




Periodic native trim disabled

---------------  S Y S T E M  ---------------

OS:
 Windows 10 , 64 bit Build 19041 (10.0.19041.5915)
OS uptime: 0 days 3:40 hours

CPU: total 4 (initial active 4) (2 cores per cpu, 2 threads per core) family 6 model 142 stepping 9 microcode 0xf4, cx8, cmov, fxsr, ht, mmx, 3dnowpref, sse, sse2, sse3, ssse3, sse4.1, sse4.2, popcnt, lzcnt, tsc, tscinvbit, avx, avx2, aes, erms, clmul, bmi1, bmi2, rtm, adx, fma, vzeroupper, clflush, clflushopt, rdtscp, f16c
Processor Information for the first 4 processors :
  Max Mhz: 2712, Current Mhz: 2611, Mhz Limit: 2603

Memory: 4k page, system-wide physical 16259M (7159M free)
TotalPageFile size 33030M (AvailPageFile size 142M)
current process WorkingSet (physical memory assigned to process): 267M, peak: 270M
current process commit charge ("private bytes"): 397M, peak: 908M

vm_info: Java HotSpot(TM) 64-Bit Server VM (23.0.1+11-39) for windows-amd64 JRE (23.0.1+11-39), built on 2024-09-30T07:20:43Z with MS VC++ 17.6 (VS2022)

END.
